  System State: default model state (0)
  accounts: 
->new("pam")
  System State: default model state (1)
  accounts:
    pam -> 0.00
->new("max")
  System State: default model state (2)
  accounts:
    pam -> 0.00
    max -> 0.00
->deposit("pam",125.5)
  System State: default model state (3)
  accounts:
    pam -> 125.50
    max -> 0.00
->deposit("max",50)
  accounts:
    pam -> 125.50
    max -> 50.00
-> transfer("max", "pam", 25.00)
  accounts:
    pam -> 150.50
    max -> 25.00